
Running 1 test using 1 worker

  Γ£ÿ  1 [Google Chrome] ΓÇ║ tests\03-SingleApproval.spec.ts:11:7 ΓÇ║ Single Price Approval ΓÇ║ Successfully approve a single price request (42.6s)
  Γ£ÿ  2 [Google Chrome] ΓÇ║ tests\03-SingleApproval.spec.ts:11:7 ΓÇ║ Single Price Approval ΓÇ║ Successfully approve a single price request (retry #1) (45.5s)
  Γ£ÿ  3 [Google Chrome] ΓÇ║ tests\03-SingleApproval.spec.ts:11:7 ΓÇ║ Single Price Approval ΓÇ║ Successfully approve a single price request (retry #2) (43.5s)


  1) [Google Chrome] ΓÇ║ tests\03-SingleApproval.spec.ts:11:7 ΓÇ║ Single Price Approval ΓÇ║ Successfully approve a single price request 

    Error: [2mexpect([22m[31mlocator[39m[2m).not.[22mtoBeVisible[2m([22m[2m)[22m failed

    Locator:  getByRole('button', { name: /^Approve$/i }).first()
    Expected: not visible
    Received: visible
    Timeout:  15000ms

    Call log:
    [2m  - Expect "not toBeVisible" with timeout 15000ms[22m
    [2m  - waiting for getByRole('button', { name: /^Approve$/i }).first()[22m
    [2m    18 ├ù locator resolved to <button type="buttonType" class="flex items-center justify-center w-full gap-2 px-2 disabled:cursor-not-allowed bg-estationsGreen-500 text-white py-2 text-sm rounded-[8px] opacity-100">ΓÇª</button>[22m
    [2m       - unexpected value "visible"[22m


      41 |     await firstDetailApproveBtn.click();
      42 |
    > 43 |     await expect(firstDetailApproveBtn).not.toBeVisible({ timeout: 15000 });
         |                                             ^
      44 |   });
      45 | });
      46 |
        at C:\Users\USER\Lanre\tests\03-SingleApproval.spec.ts:43:45

    Error Context: test-results\03-SingleApproval-Single-P-e2d19-rove-a-single-price-request-Google-Chrome\error-context.md

    Retry #1 ΓöÇΓöÇΓöÇΓöÇΓöÇΓöÇΓöÇΓöÇΓöÇΓöÇΓöÇΓöÇΓöÇΓöÇΓöÇΓöÇΓöÇΓöÇΓöÇΓöÇΓöÇΓöÇΓöÇΓöÇΓöÇΓöÇΓöÇΓöÇΓöÇΓöÇΓöÇΓöÇΓöÇΓöÇΓöÇΓöÇΓöÇΓöÇΓöÇΓöÇΓöÇΓöÇΓöÇΓöÇΓöÇΓöÇΓöÇΓöÇΓöÇΓöÇΓöÇΓöÇΓöÇΓöÇΓöÇΓöÇΓöÇΓöÇΓöÇΓöÇΓöÇΓöÇΓöÇΓöÇΓöÇΓöÇΓöÇΓöÇΓöÇΓöÇΓöÇΓöÇΓöÇΓöÇΓöÇΓöÇΓöÇΓöÇΓöÇΓöÇΓöÇΓöÇΓöÇΓöÇΓöÇΓöÇΓöÇ

    Error: [2mexpect([22m[31mlocator[39m[2m).not.[22mtoBeVisible[2m([22m[2m)[22m failed

    Locator:  getByRole('button', { name: /^Approve$/i }).first()
    Expected: not visible
    Received: visible
    Timeout:  15000ms

    Call log:
    [2m  - Expect "not toBeVisible" with timeout 15000ms[22m
    [2m  - waiting for getByRole('button', { name: /^Approve$/i }).first()[22m
    [2m    18 ├ù locator resolved to <button type="buttonType" class="flex items-center justify-center w-full gap-2 px-2 disabled:cursor-not-allowed bg-estationsGreen-500 text-white py-2 text-sm rounded-[8px] opacity-100">ΓÇª</button>[22m
    [2m       - unexpected value "visible"[22m


      41 |     await firstDetailApproveBtn.click();
      42 |
    > 43 |     await expect(firstDetailApproveBtn).not.toBeVisible({ timeout: 15000 });
         |                                             ^
      44 |   });
      45 | });
      46 |
        at C:\Users\USER\Lanre\tests\03-SingleApproval.spec.ts:43:45

    Error Context: test-results\03-SingleApproval-Single-P-e2d19-rove-a-single-price-request-Google-Chrome-retry1\error-context.md

    attachment #2: trace (application/zip) ΓöÇΓöÇΓöÇΓöÇΓöÇΓöÇΓöÇΓöÇΓöÇΓöÇΓöÇΓöÇΓöÇΓöÇΓöÇΓöÇΓöÇΓöÇΓöÇΓöÇΓöÇΓöÇΓöÇΓöÇΓöÇΓöÇΓöÇΓöÇΓöÇΓöÇΓöÇΓöÇΓöÇΓöÇΓöÇΓöÇΓöÇΓöÇΓöÇΓöÇΓöÇΓöÇΓöÇΓöÇΓöÇΓöÇΓöÇΓöÇΓöÇΓöÇΓöÇΓöÇΓöÇΓöÇΓöÇΓöÇΓöÇ
    test-results\03-SingleApproval-Single-P-e2d19-rove-a-single-price-request-Google-Chrome-retry1\trace.zip
    Usage:

        npx playwright show-trace test-results\03-SingleApproval-Single-P-e2d19-rove-a-single-price-request-Google-Chrome-retry1\trace.zip

    ΓöÇΓöÇΓöÇΓöÇΓöÇΓöÇΓöÇΓöÇΓöÇΓöÇΓöÇΓöÇΓöÇΓöÇΓöÇΓöÇΓöÇΓöÇΓöÇΓöÇΓöÇΓöÇΓöÇΓöÇΓöÇΓöÇΓöÇΓöÇΓöÇΓöÇΓöÇΓöÇΓöÇΓöÇΓöÇΓöÇΓöÇΓöÇΓöÇΓöÇΓöÇΓöÇΓöÇΓöÇΓöÇΓöÇΓöÇΓöÇΓöÇΓöÇΓöÇΓöÇΓöÇΓöÇΓöÇΓöÇΓöÇΓöÇΓöÇΓöÇΓöÇΓöÇΓöÇΓöÇΓöÇΓöÇΓöÇΓöÇΓöÇΓöÇΓöÇΓöÇΓöÇΓöÇΓöÇΓöÇΓöÇΓöÇΓöÇΓöÇΓöÇΓöÇΓöÇΓöÇΓöÇΓöÇΓöÇΓöÇΓöÇΓöÇΓöÇΓöÇΓöÇΓöÇΓöÇΓöÇ

    Retry #2 ΓöÇΓöÇΓöÇΓöÇΓöÇΓöÇΓöÇΓöÇΓöÇΓöÇΓöÇΓöÇΓöÇΓöÇΓöÇΓöÇΓöÇΓöÇΓöÇΓöÇΓöÇΓöÇΓöÇΓöÇΓöÇΓöÇΓöÇΓöÇΓöÇΓöÇΓöÇΓöÇΓöÇΓöÇΓöÇΓöÇΓöÇΓöÇΓöÇΓöÇΓöÇΓöÇΓöÇΓöÇΓöÇΓöÇΓöÇΓöÇΓöÇΓöÇΓöÇΓöÇΓöÇΓöÇΓöÇΓöÇΓöÇΓöÇΓöÇΓöÇΓöÇΓöÇΓöÇΓöÇΓöÇΓöÇΓöÇΓöÇΓöÇΓöÇΓöÇΓöÇΓöÇΓöÇΓöÇΓöÇΓöÇΓöÇΓöÇΓöÇΓöÇΓöÇΓöÇΓöÇΓöÇΓöÇΓöÇ

    Error: [2mexpect([22m[31mlocator[39m[2m).not.[22mtoBeVisible[2m([22m[2m)[22m failed

    Locator:  getByRole('button', { name: /^Approve$/i }).first()
    Expected: not visible
    Received: visible
    Timeout:  15000ms

    Call log:
    [2m  - Expect "not toBeVisible" with timeout 15000ms[22m
    [2m  - waiting for getByRole('button', { name: /^Approve$/i }).first()[22m
    [2m    18 ├ù locator resolved to <button type="buttonType" class="flex items-center justify-center w-full gap-2 px-2 disabled:cursor-not-allowed bg-estationsGreen-500 text-white py-2 text-sm rounded-[8px] opacity-100">ΓÇª</button>[22m
    [2m       - unexpected value "visible"[22m


      41 |     await firstDetailApproveBtn.click();
      42 |
    > 43 |     await expect(firstDetailApproveBtn).not.toBeVisible({ timeout: 15000 });
         |                                             ^
      44 |   });
      45 | });
      46 |
        at C:\Users\USER\Lanre\tests\03-SingleApproval.spec.ts:43:45

    Error Context: test-results\03-SingleApproval-Single-P-e2d19-rove-a-single-price-request-Google-Chrome-retry2\error-context.md

  1 failed
    [Google Chrome] ΓÇ║ tests\03-SingleApproval.spec.ts:11:7 ΓÇ║ Single Price Approval ΓÇ║ Successfully approve a single price request 
